LTspice 26.0.1 for Windows
Circuit: C:\Users\lucasp\Projects\CMOS-project\test.net
Start Time: Mon May 11 18:00:42 2026

.step i_var=1e-06
solver = Normal
Maximum thread count: 16
tnom = 27
temp = 27
method = modified trap
Compress1stOrder = true
Compress2ndOrder = true
Warning: Pd = 0 is less than W.
Warning: Ps = 0 is less than W.
Warning: Pd = 0 is less than W.
Warning: Ps = 0 is less than W.
Warning: Pd = 0 is less than W.
Warning: Ps = 0 is less than W.
Warning: Pd = 0 is less than W.
Warning: Ps = 0 is less than W.
Warning: Pd = 0 is less than W.
Warning: Ps = 0 is less than W.
Warning: Pd = 0 is less than W.
Warning: Ps = 0 is less than W.
Warning: Pd = 0 is less than W.
Warning: Ps = 0 is less than W.
Warning: Pd = 0 is less than W.
Warning: Ps = 0 is less than W.
Direct Newton iteration succeeded in finding operating point.

.step i_var=3e-06
Direct Newton iteration succeeded in finding operating point.

.step i_var=5e-06
Direct Newton iteration succeeded in finding operating point.

.step i_var=7e-06
Direct Newton iteration succeeded in finding operating point.

.step i_var=9e-06
Direct Newton iteration succeeded in finding operating point.
Total elapsed time: 1.388 seconds.

Files loaded:
C:\Users\lucasp\Projects\CMOS-project\test.net
C:\Users\lucasp\Projects\CMOS-project\library.mod
C:\Users\lucasp\Projects\CMOS-project\subcircuits.net

